// Jest Snapshot v1, https://goo.gl/fbAQLP

exports[`TestComp snapshot 1`] = `
<DocumentFragment>
  .c0 {
  color: #ffffff;
}

<p
    class="c0"
  >
    What a happy day
  </p>
</DocumentFragment>
`;
